0 verbose cli C:\Program Files\nodejs\node.exe C:\Users\Syed Mohammad Faham\AppData\Roaming\npm\node_modules\npm\bin\npm-cli.js
1 info using npm@10.0.0
2 info using node@v20.15.1
3 timing npm:load:whichnode Completed in 3ms
4 timing config:load:defaults Completed in 2ms
5 timing config:load:file:C:\Users\Syed Mohammad Faham\AppData\Roaming\npm\node_modules\npm\npmrc Completed in 4ms
6 timing config:load:builtin Completed in 4ms
7 timing config:load:cli Completed in 2ms
8 timing config:load:env Completed in 0ms
9 timing config:load:file:D:\Projects\portfolio\.npmrc Completed in 1ms
10 timing config:load:project Completed in 2ms
11 timing config:load:file:C:\Users\Syed Mohammad Faham\.npmrc Completed in 0ms
12 timing config:load:user Completed in 0ms
13 timing config:load:file:C:\Users\Syed Mohammad Faham\AppData\Roaming\npm\etc\npmrc Completed in 1ms
14 timing config:load:global Completed in 1ms
15 timing config:load:setEnvs Completed in 1ms
16 timing config:load Completed in 12ms
17 timing npm:load:configload Completed in 12ms
18 timing config:load:flatten Completed in 2ms
19 timing npm:load:mkdirpcache Completed in 1ms
20 timing npm:load:mkdirplogs Completed in 0ms
21 verbose title npm run dev
22 verbose argv "run" "dev" "--cache" "false"
23 timing npm:load:setTitle Completed in 1ms
24 timing npm:load:display Completed in 0ms
25 verbose logfile logs-max:10 dir:D:\Projects\portfolio\false\_logs\2025-09-06T17_59_00_717Z-
26 verbose logfile D:\Projects\portfolio\false\_logs\2025-09-06T17_59_00_717Z-debug-0.log
27 timing npm:load:logFile Completed in 8ms
28 timing npm:load:timers Completed in 0ms
29 timing npm:load:configScope Completed in 0ms
30 timing npm:load Completed in 52ms
31 silly logfile done cleaning log files
32 http fetch GET 200 https://registry.npmjs.org/npm 279ms (cache miss)
33 timing command:run Completed in 29398ms
34 notice
34 notice New [31mmajor[39m version of npm available! [31m10.0.0[39m -> [32m11.6.0[39m
34 notice Changelog: [36mhttps://github.com/npm/cli/releases/tag/v11.6.0[39m
34 notice Run [32mnpm install -g npm@11.6.0[39m to update!
34 notice
35 verbose exit 0
36 timing npm Completed in 29538ms
37 info ok
